// Jest Snapshot v1, https://goo.gl/fbAQLP

exports[`App component snapshot test 1`] = `
<header
  className="Header"
>
  <h1>
    <Link
      to="/"
    >
      Noteful
    </Link>
  </h1>
</header>
`;
