// Jest Snapshot v1, https://goo.gl/fbAQLP

exports[`App component snapshot test 1`] = `
<h2>
  The page you are looking for doesn't exist
</h2>
`;
