// Jest Snapshot v1, https://goo.gl/fbAQLP

exports[`App component snapshot test 1`] = `
<NavLink
  className="Folder"
  to="/folder/1"
>
  Folder
</NavLink>
`;
