// Jest Snapshot v1, https://goo.gl/fbAQLP

exports[`App component snapshot test 1`] = `
<section
  className="NoteList"
>
  <ul>
    <li
      className="addNoteButton"
      key="addNote"
    >
      <Link
        className="add-button"
        to="/AddNote"
      >
        Add Note
      </Link>
    </li>
  </ul>
</section>
`;
